// Jest Snapshot v1, https://goo.gl/fbAQLP

exports[`CardItemList should render correctly 1`] = `
{
  "asFragment": [Function],
  "baseElement": <body>
    <div>
      <div
        class="sc-8e39d0e7-0 eBdvIW"
        data-test-id="card-item-0"
      >
        <div
          class="sc-8e39d0e7-4 hbuvQA"
        >
          <img
            alt="913503-MLA52132116989_102022"
            data-nimg="1"
            decoding="async"
            height="90"
            loading="lazy"
            src="/_next/image?url=http%3A%2F%2Fhttp2.mlstatic.com%2FD_913503-MLA52132116989_102022-O.jpg&w=256&q=75"
            srcset="/_next/image?url=http%3A%2F%2Fhttp2.mlstatic.com%2FD_913503-MLA52132116989_102022-O.jpg&w=96&q=75 1x, /_next/image?url=http%3A%2F%2Fhttp2.mlstatic.com%2FD_913503-MLA52132116989_102022-O.jpg&w=256&q=75 2x"
            style="color: transparent; border-radius: 8px;"
            width="90"
          />
        </div>
        <div>
          <div
            class="sc-8e39d0e7-3 fvRaGh"
          >
            <p
              class="MuiTypography-root MuiTypography-body1 css-ahj2mt-MuiTypography-root"
            >
              Samsung Galaxy S22 Ultra 5g (snapdragon) 5g 512 Gb  Phantom Black 12 Gb Ram
            </p>
          </div>
        </div>
        <div
          class="sc-8e39d0e7-6 bTZkRN"
        >
          <div
            class="sc-8e39d0e7-2 ifgIgX"
          >
            <svg
              aria-hidden="true"
              class="MuiSvgIcon-root MuiSvgIcon-fontSizeMedium css-i4bv87-MuiSvgIcon-root"
              data-testid="ChevronRightIcon"
              focusable="false"
              viewBox="0 0 24 24"
            >
              <path
                d="M10 6 8.59 7.41 13.17 12l-4.58 4.59L10 18l6-6z"
              />
            </svg>
          </div>
        </div>
      </div>
    </div>
  </body>,
  "container": <div>
    <div
      class="sc-8e39d0e7-0 eBdvIW"
      data-test-id="card-item-0"
    >
      <div
        class="sc-8e39d0e7-4 hbuvQA"
      >
        <img
          alt="913503-MLA52132116989_102022"
          data-nimg="1"
          decoding="async"
          height="90"
          loading="lazy"
          src="/_next/image?url=http%3A%2F%2Fhttp2.mlstatic.com%2FD_913503-MLA52132116989_102022-O.jpg&w=256&q=75"
          srcset="/_next/image?url=http%3A%2F%2Fhttp2.mlstatic.com%2FD_913503-MLA52132116989_102022-O.jpg&w=96&q=75 1x, /_next/image?url=http%3A%2F%2Fhttp2.mlstatic.com%2FD_913503-MLA52132116989_102022-O.jpg&w=256&q=75 2x"
          style="color: transparent; border-radius: 8px;"
          width="90"
        />
      </div>
      <div>
        <div
          class="sc-8e39d0e7-3 fvRaGh"
        >
          <p
            class="MuiTypography-root MuiTypography-body1 css-ahj2mt-MuiTypography-root"
          >
            Samsung Galaxy S22 Ultra 5g (snapdragon) 5g 512 Gb  Phantom Black 12 Gb Ram
          </p>
        </div>
      </div>
      <div
        class="sc-8e39d0e7-6 bTZkRN"
      >
        <div
          class="sc-8e39d0e7-2 ifgIgX"
        >
          <svg
            aria-hidden="true"
            class="MuiSvgIcon-root MuiSvgIcon-fontSizeMedium css-i4bv87-MuiSvgIcon-root"
            data-testid="ChevronRightIcon"
            focusable="false"
            viewBox="0 0 24 24"
          >
            <path
              d="M10 6 8.59 7.41 13.17 12l-4.58 4.59L10 18l6-6z"
            />
          </svg>
        </div>
      </div>
    </div>
  </div>,
  "debug": [Function],
  "findAllByAltText": [Function],
  "findAllByDisplayValue": [Function],
  "findAllByLabelText": [Function],
  "findAllByPlaceholderText": [Function],
  "findAllByRole": [Function],
  "findAllByTestId": [Function],
  "findAllByText": [Function],
  "findAllByTitle": [Function],
  "findByAltText": [Function],
  "findByDisplayValue": [Function],
  "findByLabelText": [Function],
  "findByPlaceholderText": [Function],
  "findByRole": [Function],
  "findByTestId": [Function],
  "findByText": [Function],
  "findByTitle": [Function],
  "getAllByAltText": [Function],
  "getAllByDisplayValue": [Function],
  "getAllByLabelText": [Function],
  "getAllByPlaceholderText": [Function],
  "getAllByRole": [Function],
  "getAllByTestId": [Function],
  "getAllByText": [Function],
  "getAllByTitle": [Function],
  "getByAltText": [Function],
  "getByDisplayValue": [Function],
  "getByLabelText": [Function],
  "getByPlaceholderText": [Function],
  "getByRole": [Function],
  "getByTestId": [Function],
  "getByText": [Function],
  "getByTitle": [Function],
  "queryAllByAltText": [Function],
  "queryAllByDisplayValue": [Function],
  "queryAllByLabelText": [Function],
  "queryAllByPlaceholderText": [Function],
  "queryAllByRole": [Function],
  "queryAllByTestId": [Function],
  "queryAllByText": [Function],
  "queryAllByTitle": [Function],
  "queryByAltText": [Function],
  "queryByDisplayValue": [Function],
  "queryByLabelText": [Function],
  "queryByPlaceholderText": [Function],
  "queryByRole": [Function],
  "queryByTestId": [Function],
  "queryByText": [Function],
  "queryByTitle": [Function],
  "rerender": [Function],
  "store": {
    "@@observable": [Function],
    "dispatch": [Function],
    "getState": [Function],
    "replaceReducer": [Function],
    "subscribe": [Function],
  },
  "unmount": [Function],
}
`;
